// Jest Snapshot v1, https://goo.gl/fbAQLP

exports[`ContractOverviewComponent should show correct initial headline and table 1`] = `
<contract-demo-contract-overview
  contractsFacade={[Function Object]}
  dataSource={[Function MatTableDataSource]}
  destroy$={[Function Subject]}
  displayedColumns={[Function Array]}
  filterResult$={[Function Subject]}
  isError$={[Function Subject]}
  loaded$={[Function Subject]}
  paginator={[Function MatPaginator]}
  searchTermControl={[Function FormControl2]}
>
  <h1>
    Contracts overview
  </h1><form
    novalidate=""
  >
    <mat-form-field
      appearance="outline"
      class="mat-mdc-form-field mat-mdc-form-field-type-mat-input mat-form-field-no-animations mat-form-field-appearance-outline mat-form-field-hide-placeholder mat-primary ng-untouched ng-pristine ng-valid"
    >
      <div
        class="mat-mdc-text-field-wrapper mdc-text-field mdc-text-field--outlined"
      >
        <div
          class="mat-mdc-form-field-flex"
        >
          <div
            class="mdc-notched-outline mdc-notched-outline--upgraded"
            matformfieldnotchedoutline=""
          >
            <div
              class="mdc-notched-outline__leading"
            />
            <div
              class="mdc-notched-outline__notch"
            >
              <label
                class="mdc-floating-label mat-mdc-floating-label"
                matformfieldfloatinglabel=""
                style="transition-duration: 0s;"
              >
                <mat-label>
                  Filter
                </mat-label>
              </label>
            </div>
            <div
              class="mdc-notched-outline__trailing"
            />
          </div>
          <div
            class="mat-mdc-form-field-infix"
          >
            <input
              aria-invalid="false"
              aria-required="false"
              class="mat-mdc-input-element ng-untouched ng-pristine ng-valid mat-mdc-form-field-input-control mdc-text-field__input cdk-text-field-autofill-monitored"
              matinput=""
              placeholder="Search for name"
            />
          </div>
        </div>
      </div>
      <div
        class="mat-mdc-form-field-subscript-wrapper mat-mdc-form-field-bottom-align"
      >
        <div
          class="mat-mdc-form-field-hint-wrapper ng-trigger ng-trigger-transitionMessages"
          style="opacity:1;transform:translateY(0%);0:opacity;1:transform;"
        >
          <div
            class="mat-mdc-form-field-hint-spacer"
          />
        </div>
      </div>
    </mat-form-field>
  </form><div
    class="mat-elevation-z8"
  >
    <div
      class="loading"
    >
      <mat-spinner
        aria-valuemax="100"
        aria-valuemin="0"
        class="mat-mdc-progress-spinner mdc-circular-progress mat-primary _mat-animation-noopable mdc-circular-progress--indeterminate"
        mode="indeterminate"
        role="progressbar"
        style="width: 100px; height: 100px;"
        tabindex="-1"
      >
        <div
          aria-hidden="true"
          class="mdc-circular-progress__determinate-container"
        >
          <svg
            class="mdc-circular-progress__determinate-circle-graphic"
            focusable="false"
            viewBox="0 0 100 100"
            xmlns="http://www.w3.org/2000/svg"
          >
            <circle
              class="mdc-circular-progress__determinate-circle"
              cx="50%"
              cy="50%"
              r="45"
              style="stroke-dasharray: 282.7433388230814px; stroke-width: 10%;"
            />
          </svg>
        </div>
        <div
          aria-hidden="true"
          class="mdc-circular-progress__indeterminate-container"
        >
          <div
            class="mdc-circular-progress__spinner-layer"
          >
            <div
              class="mdc-circular-progress__circle-clipper mdc-circular-progress__circle-left"
            >
              <svg
                class="mdc-circular-progress__indeterminate-circle-graphic"
                focusable="false"
                viewBox="0 0 100 100"
                xmlns="http://www.w3.org/2000/svg"
              >
                <circle
                  cx="50%"
                  cy="50%"
                  r="45"
                  style="stroke-dasharray: 282.7433388230814px; stroke-dashoffset: 141.3716694115407px; stroke-width: 10%;"
                />
              </svg>
            </div>
            <div
              class="mdc-circular-progress__gap-patch"
            >
              <svg
                class="mdc-circular-progress__indeterminate-circle-graphic"
                focusable="false"
                viewBox="0 0 100 100"
                xmlns="http://www.w3.org/2000/svg"
              >
                <circle
                  cx="50%"
                  cy="50%"
                  r="45"
                  style="stroke-dasharray: 282.7433388230814px; stroke-dashoffset: 141.3716694115407px; stroke-width: 10%;"
                />
              </svg>
            </div>
            <div
              class="mdc-circular-progress__circle-clipper mdc-circular-progress__circle-right"
            >
              <svg
                class="mdc-circular-progress__indeterminate-circle-graphic"
                focusable="false"
                viewBox="0 0 100 100"
                xmlns="http://www.w3.org/2000/svg"
              >
                <circle
                  cx="50%"
                  cy="50%"
                  r="45"
                  style="stroke-dasharray: 282.7433388230814px; stroke-dashoffset: 141.3716694115407px; stroke-width: 10%;"
                />
              </svg>
            </div>
          </div>
        </div>
      </mat-spinner>
    </div>
    <mat-paginator
      aria-label="Select page of contracts"
      class="mat-mdc-paginator"
      role="group"
    >
      <div
        class="mat-mdc-paginator-outer-container"
      >
        <div
          class="mat-mdc-paginator-container"
        >
          <div
            class="mat-mdc-paginator-page-size"
          >
            <div
              class="mat-mdc-paginator-page-size-label"
            >
               Items per page: 
            </div>
            <mat-form-field
              class="mat-mdc-form-field mat-mdc-paginator-page-size-select mat-mdc-form-field-type-mat-select mat-form-field-no-animations mat-form-field-appearance-outline mat-primary"
            >
              <div
                class="mat-mdc-text-field-wrapper mdc-text-field mdc-text-field--outlined mdc-text-field--no-label"
              >
                <div
                  class="mat-mdc-form-field-flex"
                >
                  <div
                    class="mdc-notched-outline mdc-notched-outline--no-label"
                    matformfieldnotchedoutline=""
                  >
                    <div
                      class="mdc-notched-outline__leading"
                    />
                    <div
                      class="mdc-notched-outline__notch"
                    >
                    </div>
                    <div
                      class="mdc-notched-outline__trailing"
                    />
                  </div>
                  <div
                    class="mat-mdc-form-field-infix"
                  >
                    <mat-select
                      aria-autocomplete="none"
                      aria-disabled="false"
                      aria-expanded="false"
                      aria-haspopup="listbox"
                      aria-invalid="false"
                      aria-required="false"
                      class="mat-mdc-select mat-mdc-select-empty"
                      hidesingleselectionindicator=""
                      role="combobox"
                      tabindex="0"
                    >
                      <div
                        cdk-overlay-origin=""
                        class="mat-mdc-select-trigger"
                      >
                        <div
                          class="mat-mdc-select-value"
                        >
                          <span
                            class="mat-mdc-select-placeholder mat-mdc-select-min-line"
                          >
                          </span>
                        </div>
                        <div
                          class="mat-mdc-select-arrow-wrapper"
                        >
                          <div
                            class="mat-mdc-select-arrow"
                          >
                            <svg
                              focusable="false"
                              height="24px"
                              viewBox="0 0 24 24"
                              width="24px"
                            >
                              <path
                                d="M7 10l5 5 5-5z"
                              />
                            </svg>
                          </div>
                        </div>
                      </div>
                    </mat-select>
                  </div>
                </div>
              </div>
              <div
                class="mat-mdc-form-field-subscript-wrapper mat-mdc-form-field-bottom-align"
              >
                <div
                  class="mat-mdc-form-field-hint-wrapper ng-trigger ng-trigger-transitionMessages"
                  style="opacity:1;transform:translateY(0%);0:opacity;1:transform;"
                >
                  <div
                    class="mat-mdc-form-field-hint-spacer"
                  />
                </div>
              </div>
            </mat-form-field>
          </div>
          <div
            class="mat-mdc-paginator-range-actions"
          >
            <div
              aria-live="polite"
              class="mat-mdc-paginator-range-label"
            >
               0 of 0 
            </div>
            <button
              aria-label="Previous page"
              class="mat-mdc-tooltip-trigger mat-mdc-paginator-navigation-previous mdc-icon-button mat-mdc-icon-button _mat-animation-noopable mat-unthemed mat-mdc-button-base"
              disabled="true"
              mat-icon-button=""
              type="button"
            >
              <span
                class="mat-mdc-button-persistent-ripple mdc-icon-button__ripple"
              />
              <svg
                class="mat-mdc-paginator-icon"
                focusable="false"
                viewBox="0 0 24 24"
              >
                <path
                  d="M15.41 7.41L14 6l-6 6 6 6 1.41-1.41L10.83 12z"
                />
              </svg>
              <span
                class="mat-mdc-focus-indicator"
              />
              <span
                class="mat-ripple mat-mdc-button-ripple"
                matripple=""
              />
              <span
                class="mat-mdc-button-touch-target"
              />
            </button>
            <button
              aria-label="Next page"
              class="mat-mdc-tooltip-trigger mat-mdc-paginator-navigation-next mdc-icon-button mat-mdc-icon-button _mat-animation-noopable mat-unthemed mat-mdc-button-base"
              disabled="true"
              mat-icon-button=""
              type="button"
            >
              <span
                class="mat-mdc-button-persistent-ripple mdc-icon-button__ripple"
              />
              <svg
                class="mat-mdc-paginator-icon"
                focusable="false"
                viewBox="0 0 24 24"
              >
                <path
                  d="M10 6L8.59 7.41 13.17 12l-4.58 4.59L10 18l6-6z"
                />
              </svg>
              <span
                class="mat-mdc-focus-indicator"
              />
              <span
                class="mat-ripple mat-mdc-button-ripple"
                matripple=""
              />
              <span
                class="mat-mdc-button-touch-target"
              />
            </button>
          </div>
        </div>
      </div>
    </mat-paginator>
  </div>
</contract-demo-contract-overview>
`;
